Build iOS and Submit to TestFlight	Dump Xcode Logs	2026-09-27T18:09:13.7518640Z     export SYSTEM_DEVELOPER_TOOLS\=/Applications/Xcode_16.4.app/Contents/Developer/Tools
Build iOS and Submit to TestFlight	Dump Xcode Logs	2026-09-27T18:09:13.7523250Z     export SYSTEM_DEVELOPER_TOOLS_DOC_DIR\=/Applications/Xcode_16.4.app/Contents/Developer/ADC\ Reference\ Library/documentation/DeveloperTools
Build iOS and Submit to TestFlight	Dump Xcode Logs	2026-09-27T18:09:13.7526020Z     export SYSTEM_DEVELOPER_TOOLS_RELEASENOTES_DIR\=/Applications/Xcode_16.4.app/Contents/Developer/ADC\ Reference\ Library/releasenotes/DeveloperTools
Build iOS and Submit to TestFlight	Dump Xcode Logs	2026-09-27T18:09:13.7530160Z     export SYSTEM_DEVELOPER_USR_DIR\=/Applications/Xcode_16.4.app/Contents/Developer/usr
Build iOS and Submit to TestFlight	Dump Xcode Logs	2026-09-27T18:09:13.7539120Z     export SYSTEM_DEVELOPER_UTILITIES_DIR\=/Applications/Xcode_16.4.app/Contents/Developer/Applications/Utilities
Build iOS and Submit to TestFlight	Dump Xcode Logs	2026-09-27T18:09:13.7541180Z     export SYSTEM_DEXT_INSTALL_PATH\=/System/Library/DriverExtensions
Build iOS and Submit to TestFlight	Dump Xcode Logs	2026-09-27T18:09:13.7543350Z     export SYSTEM_DOCUMENTATION_DIR\=/Library/Documentation
Build iOS and Submit to TestFlight	Dump Xcode Logs	2026-09-27T18:09:13.7544010Z     export SYSTEM_KEXT_INSTALL_PATH\=/System/Library/Extensions
Build iOS and Submit to TestFlight	Dump Xcode Logs	2026-09-27T18:09:13.7544640Z     export SYSTEM_LIBRARY_DIR\=/System/Library
Build iOS and Submit to TestFlight	Dump Xcode Logs	2026-09-27T18:09:13.7545080Z     export TAPI_DEMANGLE\=YES
Build iOS and Submit to TestFlight	Dump Xcode Logs	2026-09-27T18:09:13.7545670Z     export TAPI_ENABLE_PROJECT_HEADERS\=NO
Build iOS and Submit to TestFlight	Dump Xcode Logs	2026-09-27T18:09:13.7546360Z     export TAPI_LANGUAGE\=objective-c
Build iOS and Submit to TestFlight	Dump Xcode Logs	2026-09-27T18:09:13.7547200Z     export TAPI_LANGUAGE_STANDARD\=compiler-default
Build iOS and Submit to TestFlight	Dump Xcode Logs	2026-09-27T18:09:13.7547570Z     export TAPI_USE_SRCROOT\=YES
Build iOS and Submit to TestFlight	Dump Xcode Logs	2026-09-27T18:09:13.7548070Z     export TAPI_VERIFY_MODE\=Pedantic
Build iOS and Submit to TestFlight	Dump Xcode Logs	2026-09-27T18:09:13.7548680Z     export TARGETED_DEVICE_FAMILY\=1,2
Build iOS and Submit to TestFlight	Dump Xcode Logs	2026-09-27T18:09:13.7549010Z     export TARGETNAME\=ReactCodegen
Build iOS and Submit to TestFlight	Dump Xcode Logs	2026-09-27T18:09:13.7582800Z     export TARGET_BUILD_DIR\=/var/folders/nj/vtw8zd2j31d1gdrtntc5y4600000gn/T/eas-build-local-nodejs/26a1e27f-3182-405f-bb2e-a6a63d337c6b/build/ios/build/Build/Intermediates.noindex/ArchiveIntermediates/NGNflow/IntermediateBuildFilesPath/UninstalledProducts/iphoneos
Build iOS and Submit to TestFlight	Dump Xcode Logs	2026-09-27T18:09:13.7584030Z     export TARGET_NAME\=ReactCodegen
Build iOS and Submit to TestFlight	Dump Xcode Logs	2026-09-27T18:09:13.7585350Z     export TARGET_TEMP_DIR\=/var/folders/nj/vtw8zd2j31d1gdrtntc5y4600000gn/T/eas-build-local-nodejs/26a1e27f-3182-405f-bb2e-a6a63d337c6b/build/ios/build/Build/Intermediates.noindex/ArchiveIntermediates/NGNflow/IntermediateBuildFilesPath/Pods.build/Release-iphoneos/ReactCodegen.build
Build iOS and Submit to TestFlight	Dump Xcode Logs	2026-09-27T18:09:13.7587480Z     export TEMP_DIR\=/var/folders/nj/vtw8zd2j31d1gdrtntc5y4600000gn/T/eas-build-local-nodejs/26a1e27f-3182-405f-bb2e-a6a63d337c6b/build/ios/build/Build/Intermediates.noindex/ArchiveIntermediates/NGNflow/IntermediateBuildFilesPath/Pods.build/Release-iphoneos/ReactCodegen.build
Build iOS and Submit to TestFlight	Dump Xcode Logs	2026-09-27T18:09:13.7589500Z     export TEMP_FILES_DIR\=/var/folders/nj/vtw8zd2j31d1gdrtntc5y4600000gn/T/eas-build-local-nodejs/26a1e27f-3182-405f-bb2e-a6a63d337c6b/build/ios/build/Build/Intermediates.noindex/ArchiveIntermediates/NGNflow/IntermediateBuildFilesPath/Pods.build/Release-iphoneos/ReactCodegen.build
Build iOS and Submit to TestFlight	Dump Xcode Logs	2026-09-27T18:09:13.7591540Z     export TEMP_FILE_DIR\=/var/folders/nj/vtw8zd2j31d1gdrtntc5y4600000gn/T/eas-build-local-nodejs/26a1e27f-3182-405f-bb2e-a6a63d337c6b/build/ios/build/Build/Intermediates.noindex/ArchiveIntermediates/NGNflow/IntermediateBuildFilesPath/Pods.build/Release-iphoneos/ReactCodegen.build
Build iOS and Submit to TestFlight	Dump Xcode Logs	2026-09-27T18:09:13.7593410Z     export TEMP_ROOT\=/var/folders/nj/vtw8zd2j31d1gdrtntc5y4600000gn/T/eas-build-local-nodejs/26a1e27f-3182-405f-bb2e-a6a63d337c6b/build/ios/build/Build/Intermediates.noindex/ArchiveIntermediates/NGNflow/IntermediateBuildFilesPath
Build iOS and Submit to TestFlight	Dump Xcode Logs	2026-09-27T18:09:13.7597860Z     export TEMP_SANDBOX_DIR\=/var/folders/nj/vtw8zd2j31d1gdrtntc5y4600000gn/T/eas-build-local-nodejs/26a1e27f-3182-405f-bb2e-a6a63d337c6b/build/ios/build/Build/Intermediates.noindex/ArchiveIntermediates/NGNflow/IntermediateBuildFilesPath/TemporaryTaskSandboxes
Build iOS and Submit to TestFlight	Dump Xcode Logs	2026-09-27T18:09:13.7600070Z     export TEST_FRAMEWORK_SEARCH_PATHS\=\ /Applications/Xcode_16.4.app/Contents/Developer/Platforms/iPhoneOS.platform/Developer/Library/Frameworks\ /Applications/Xcode_16.4.app/Contents/Developer/Platforms/iPhoneOS.platform/Developer/SDKs/iPhoneOS18.5.sdk/Developer/Library/Frameworks
Build iOS and Submit to TestFlight	Dump Xcode Logs	2026-09-27T18:09:13.7604740Z     export TEST_LIBRARY_SEARCH_PATHS\=\ /Applications/Xcode_16.4.app/Contents/Developer/Platforms/iPhoneOS.platform/Developer/usr/lib
Build iOS and Submit to TestFlight	Dump Xcode Logs	2026-09-27T18:09:13.7605430Z     export TOOLCHAINS\=com.apple.dt.toolchain.XcodeDefault
Build iOS and Submit to TestFlight	Dump Xcode Logs	2026-09-27T18:09:13.7606170Z     export TOOLCHAIN_DIR\=/Applications/Xcode_16.4.app/Contents/Developer/Toolchains/XcodeDefault.xctoolchain
Build iOS and Submit to TestFlight	Dump Xcode Logs	2026-09-27T18:09:13.7606940Z     export TREAT_MISSING_BASELINES_AS_TEST_FAILURES\=NO
Build iOS and Submit to TestFlight	Dump Xcode Logs	2026-09-27T18:09:13.7607440Z     export TREAT_MISSING_SCRIPT_PHASE_OUTPUTS_AS_ERRORS\=NO
Build iOS and Submit to TestFlight	Dump Xcode Logs	2026-09-27T18:09:13.7607790Z     export UID\=501
Build iOS and Submit to TestFlight	Dump Xcode Logs	2026-09-27T18:09:13.7608970Z     export UNINSTALLED_PRODUCTS_DIR\=/var/folders/nj/vtw8zd2j31d1gdrtntc5y4600000gn/T/eas-build-local-nodejs/26a1e27f-3182-405f-bb2e-a6a63d337c6b/build/ios/build/Build/Intermediates.noindex/ArchiveIntermediates/NGNflow/IntermediateBuildFilesPath/UninstalledProducts
Build iOS and Submit to TestFlight	Dump Xcode Logs	2026-09-27T18:09:13.7610750Z     export UNSTRIPPED_PRODUCT\=NO
Build iOS and Submit to TestFlight	Dump Xcode Logs	2026-09-27T18:09:13.7611400Z     export USER\=runner
Build iOS and Submit to TestFlight	Dump Xcode Logs	2026-09-27T18:09:13.7611880Z     export USER_APPS_DIR\=/Users/runner/Applications
Build iOS and Submit to TestFlight	Dump Xcode Logs	2026-09-27T18:09:13.7612370Z     export USER_LIBRARY_DIR\=/Users/runner/Library
Build iOS and Submit to TestFlight	Dump Xcode Logs	2026-09-27T18:09:13.7613380Z     export USE_DYNAMIC_NO_PIC\=YES
Build iOS and Submit to TestFlight	Dump Xcode Logs	2026-09-27T18:09:13.7614040Z     export USE_HEADERMAP\=YES
Build iOS and Submit to TestFlight	Dump Xcode Logs	2026-09-27T18:09:13.7614980Z     export USE_HEADER_SYMLINKS\=NO
Build iOS and Submit to TestFlight	Dump Xcode Logs	2026-09-27T18:09:13.7615330Z     export USE_HERMES\=true
Build iOS and Submit to TestFlight	Dump Xcode Logs	2026-09-27T18:09:13.7616160Z     export USE_RECURSIVE_SCRIPT_INPUTS_IN_SCRIPT_PHASES\=YES
Build iOS and Submit to TestFlight	Dump Xcode Logs	2026-09-27T18:09:13.7616670Z     export VALIDATE_DEVELOPMENT_ASSET_PATHS\=YES_ERROR
Build iOS and Submit to TestFlight	Dump Xcode Logs	2026-09-27T18:09:13.7617190Z     export VALIDATE_PRODUCT\=YES
Build iOS and Submit to TestFlight	Dump Xcode Logs	2026-09-27T18:09:13.7617660Z     export VALID_ARCHS\=arm64\ arm64e\ armv7\ armv7s
Build iOS and Submit to TestFlight	Dump Xcode Logs	2026-09-27T18:09:13.7617970Z     export VERBOSE_PBXCP\=NO
Build iOS and Submit to TestFlight	Dump Xcode Logs	2026-09-27T18:09:13.7618310Z     export VERSION_INFO_BUILDER\=runner
Build iOS and Submit to TestFlight	Dump Xcode Logs	2026-09-27T18:09:13.7618660Z     export VERSION_INFO_FILE\=ReactCodegen_vers.c
Build iOS and Submit to TestFlight	Dump Xcode Logs	2026-09-27T18:09:13.7619510Z     export VERSION_INFO_STRING\=\"@\(\#\)PROGRAM:ReactCodegen\ \ PROJECT:Pods-\"
Build iOS and Submit to TestFlight	Dump Xcode Logs	2026-09-27T18:09:13.7621090Z     export WATCHKIT_2_SUPPORT_FOLDER_PATH\=/var/folders/nj/vtw8zd2j31d1gdrtntc5y4600000gn/T/eas-build-local-nodejs/26a1e27f-3182-405f-bb2e-a6a63d337c6b/build/ios/build/Build/Intermediates.noindex/ArchiveIntermediates/NGNflow/BuildProductsPath/WatchKitSupport2
Build iOS and Submit to TestFlight	Dump Xcode Logs	2026-09-27T18:09:13.7622430Z     export WORKSPACE_DIR\=/var/folders/nj/vtw8zd2j31d1gdrtntc5y4600000gn/T/eas-build-local-nodejs/26a1e27f-3182-405f-bb2e-a6a63d337c6b/build/ios
Build iOS and Submit to TestFlight	Dump Xcode Logs	2026-09-27T18:09:13.7623140Z     export WRAP_ASSET_PACKS_IN_SEPARATE_DIRECTORIES\=NO
Build iOS and Submit to TestFlight	Dump Xcode Logs	2026-09-27T18:09:13.7624190Z     export XCODE_APP_SUPPORT_DIR\=/Applications/Xcode_16.4.app/Contents/Developer/Library/Xcode
Build iOS and Submit to TestFlight	Dump Xcode Logs	2026-09-27T18:09:13.7624670Z     export XCODE_PRODUCT_BUILD_VERSION\=16F6
Build iOS and Submit to TestFlight	Dump Xcode Logs	2026-09-27T18:09:13.7625040Z     export XCODE_VERSION_ACTUAL\=1640
Build iOS and Submit to TestFlight	Dump Xcode Logs	2026-09-27T18:09:13.7625390Z     export XCODE_VERSION_MAJOR\=1600
Build iOS and Submit to TestFlight	Dump Xcode Logs	2026-09-27T18:09:13.7625710Z     export XCODE_VERSION_MINOR\=1640
Build iOS and Submit to TestFlight	Dump Xcode Logs	2026-09-27T18:09:13.7626220Z     export XPCSERVICES_FOLDER_PATH\=/XPCServices
Build iOS and Submit to TestFlight	Dump Xcode Logs	2026-09-27T18:09:13.7626530Z     export YACC\=yacc
Build iOS and Submit to TestFlight	Dump Xcode Logs	2026-09-27T18:09:13.7626960Z     export _DISCOVER_COMMAND_LINE_LINKER_INPUTS\=YES
Build iOS and Submit to TestFlight	Dump Xcode Logs	2026-09-27T18:09:13.7627530Z     export _DISCOVER_COMMAND_LINE_LINKER_INPUTS_INCLUDE_WL\=YES
Build iOS and Submit to TestFlight	Dump Xcode Logs	2026-09-27T18:09:13.7628030Z     export __DIAGNOSE_DEPRECATED_ARCHS\=YES
Build iOS and Submit to TestFlight	Dump Xcode Logs	2026-09-27T18:09:13.7628570Z     export arch\=undefined_arch
Build iOS and Submit to TestFlight	Dump Xcode Logs	2026-09-27T18:09:13.7628940Z     export variant\=normal
Build iOS and Submit to TestFlight	Dump Xcode Logs	2026-09-27T18:09:13.7630500Z     /bin/sh -c /var/folders/nj/vtw8zd2j31d1gdrtntc5y4600000gn/T/eas-build-local-nodejs/26a1e27f-3182-405f-bb2e-a6a63d337c6b/build/ios/build/Build/Intermediates.noindex/ArchiveIntermediates/NGNflow/IntermediateBuildFilesPath/Pods.build/Release-iphoneos/ReactCodegen.build/Script-46EB2E00024EE0.sh
Build iOS and Submit to TestFlight	Dump Xcode Logs	2026-09-27T18:09:13.7631700Z 
Build iOS and Submit to TestFlight	Dump Xcode Logs	2026-09-27T18:09:13.7636500Z CompileC /var/folders/nj/vtw8zd2j31d1gdrtntc5y4600000gn/T/eas-build-local-nodejs/26a1e27f-3182-405f-bb2e-a6a63d337c6b/build/ios/build/Build/Intermediates.noindex/ArchiveIntermediates/NGNflow/IntermediateBuildFilesPath/Pods.build/Release-iphoneos/ReactCodegen.build/Objects-normal/arm64/safeareacontext-generated.o /var/folders/nj/vtw8zd2j31d1gdrtntc5y4600000gn/T/eas-build-local-nodejs/26a1e27f-3182-405f-bb2e-a6a63d337c6b/build/ios/build/generated/ios/ReactCodegen/safeareacontext/safeareacontext-generated.mm normal arm64 objective-c++ com.apple.compilers.llvm.clang.1_0.compiler (in target 'ReactCodegen' from project 'Pods')
Build iOS and Submit to TestFlight	Dump Xcode Logs	2026-09-27T18:09:13.7643040Z     cd /var/folders/nj/vtw8zd2j31d1gdrtntc5y4600000gn/T/eas-build-local-nodejs/26a1e27f-3182-405f-bb2e-a6a63d337c6b/build/ios/Pods
Build iOS and Submit to TestFlight	Dump Xcode Logs	2026-09-27T18:09:13.7644190Z     
Build iOS and Submit to TestFlight	Dump Xcode Logs	2026-09-27T18:09:13.7649070Z     Using response file: /var/folders/nj/vtw8zd2j31d1gdrtntc5y4600000gn/T/eas-build-local-nodejs/26a1e27f-3182-405f-bb2e-a6a63d337c6b/build/ios/build/Build/Intermediates.noindex/ArchiveIntermediates/NGNflow/IntermediateBuildFilesPath/Pods.build/Release-iphoneos/ReactCodegen.build/Objects-normal/arm64/af3fcb34312c57c0f52879cdce924b91-common-args.resp
Build iOS and Submit to TestFlight	Dump Xcode Logs	2026-09-27T18:09:13.7650770Z     
Build iOS and Submit to TestFlight	Dump Xcode Logs	2026-09-27T18:09:13.7679790Z     /Applications/Xcode_16.4.app/Contents/Developer/Toolchains/XcodeDefault.xctoolchain/usr/bin/clang -x objective-c++ -ivfsstatcache /var/folders/nj/vtw8zd2j31d1gdrtntc5y4600000gn/T/eas-build-local-nodejs/26a1e27f-3182-405f-bb2e-a6a63d337c6b/build/ios/build/SDKStatCaches.noindex/iphoneos18.5-22F76-a529daf784b3616c7c04a36aeb7f5c05.sdkstatcache -fmessage-length\=0 -fdiagnostics-show-note-include-stack -fmacro-backtrace-limit\=0 -fno-color-diagnostics -fmodules-prune-interval\=86400 -fmodules-prune-after\=345600 -fbuild-session-file\=/var/folders/nj/vtw8zd2j31d1gdrtntc5y4600000gn/T/eas-build-local-nodejs/26a1e27f-3182-405f-bb2e-a6a63d337c6b/build/ios/build/ModuleCache.noindex/Session.modulevalidation -fmodules-validate-once-per-build-session -Wnon-modular-include-in-framework-module -Werror\=non-modular-include-in-framework-module -Wno-trigraphs -Wno-missing-field-initializers -Wno-missing-prototypes -Werror\=return-type -Wdocumentation -Wunreachable-code -Wno-implicit-atomic-properties -Werror\=deprecated-objc-isa-usage -Wno-objc-interface-ivars -Werror\=objc-root-class -Wno-arc-repeated-use-of-weak -Wimplicit-retain-self -Wno-non-virtual-dtor -Wno-overloaded-virtual -Wno-exit-time-destructors -Wduplicate-method-match -Wno-missing-braces -Wparentheses -Wswitch -Wunused-function -Wno-unused-label -Wno-unused-parameter -Wunused-variable -Wunused-value -Wempty-body -Wuninitialized -Wconditional-uninitialized -Wno-unknown-pragmas -Wno-shadow -Wno-four-char-constants -Wno-conversion -Wconstant-conversion -Wint-conversion -Wbool-conversion -Wenum-conversion -Wno-float-conversion -Wnon-literal-null-conversion -Wobjc-literal-conversion -Wshorten-64-to-32 -Wno-newline-eof -Wno-selector -Wno-strict-selector-match -Wundeclared-selector -Wdeprecated-implementations -Wno-c++11-extensions -Wno-implicit-fallthrough -fstrict-aliasing -Wprotocol -Wdeprecated-declarations -Winvalid-offsetof -Wno-sign-conversion -Winfinite-recursion -Wmove -Wcomma -Wblock-capture-autoreleasing -Wstrict-prototypes -Wrange-loop-analysis -Wno-semicolon-before-method-body -Wunguarded-availability -Wno-comma -Wno-shorten-64-to-32 -Wno-documentation @/var/folders/nj/vtw8zd2j31d1gdrtntc5y4600000gn/T/eas-build-local-nodejs/26a1e27f-3182-405f-bb2e-a6a63d337c6b/build/ios/build/Build/Intermediates.noindex/ArchiveIntermediates/NGNflow/IntermediateBuildFilesPath/Pods.build/Release-iphoneos/ReactCodegen.build/Objects-normal/arm64/af3fcb34312c57c0f52879cdce924b91-common-args.resp -DFOLLY_MOBILE\=1 -DFOLLY_USE_LIBCPP\=1 -DFOLLY_CFG_NO_COROUTINES\=1 -DFOLLY_HAVE_CLOCK_GETTIME\=1 -Wno-comma -Wno-shorten-64-to-32 -Wno-documentation -Wno-nullability-completeness -std\=c++20 -include /var/folders/nj/vtw8zd2j31d1gdrtntc5y4600000gn/T/eas-build-local-nodejs/26a1e27f-3182-405f-bb2e-a6a63d337c6b/build/ios/Pods/Target\ Support\ Files/ReactCodegen/ReactCodegen-prefix.pch -MMD -MT dependencies -MF /var/folders/nj/vtw8zd2j31d1gdrtntc5y4600000gn/T/eas-build-local-nodejs/26a1e27f-3182-405f-bb2e-a6a63d337c6b/build/ios/build/Build/Intermediates.noindex/ArchiveIntermediates/NGNflow/IntermediateBuildFilesPath/Pods.build/Release-iphoneos/ReactCodegen.build/Objects-normal/arm64/safeareacontext-generated.d --serialize-diagnostics /var/folders/nj/vtw8zd2j31d1gdrtntc5y4600000gn/T/eas-build-local-nodejs/26a1e27f-3182-405f-bb2e-a6a63d337c6b/build/ios/build/Build/Intermediates.noindex/ArchiveIntermediates/NGNflow/IntermediateBuildFilesPath/Pods.build/Release-iphoneos/ReactCodegen.build/Objects-normal/arm64/safeareacontext-generated.dia -c /var/folders/nj/vtw8zd2j31d1gdrtntc5y4600000gn/T/eas-build-local-nodejs/26a1e27f-3182-405f-bb2e-a6a63d337c6b/build/ios/build/generated/ios/ReactCodegen/safeareacontext/safeareacontext-generated.mm -o /var/folders/nj/vtw8zd2j31d1gdrtntc5y4600000gn/T/eas-build-local-nodejs/26a1e27f-3182-405f-bb2e-a6a63d337c6b/build/ios/build/Build/Intermediates.noindex/ArchiveIntermediates/NGNflow/IntermediateBuildFilesPath/Pods.build/Release-iphoneos/ReactCodegen.build/Objects-normal/arm64/safeareacontext-generated.o
Build iOS and Submit to TestFlight	Dump Xcode Logs	2026-09-27T18:09:13.7695530Z 
Build iOS and Submit to TestFlight	Dump Xcode Logs	2026-09-27T18:09:13.7696400Z note: Disabling previews because SWIFT_VERSION is set and SWIFT_OPTIMIZATION_LEVEL=-O, expected -Onone (in target 'React-RCTImage' from project 'Pods')
Build iOS and Submit to TestFlight	Dump Xcode Logs	2026-09-27T18:09:13.7718730Z note: Disabling previews because SWIFT_VERSION is set and SWIFT_OPTIMIZATION_LEVEL=-O, expected -Onone (in target 'RCTRequired' from project 'Pods')
Build iOS and Submit to TestFlight	Dump Xcode Logs	2026-09-27T18:09:13.7720360Z note: Disabling previews because SWIFT_VERSION is set and SWIFT_OPTIMIZATION_LEVEL=-O, expected -Onone (in target 'React-jsinspectornetwork' from project 'Pods')
Build iOS and Submit to TestFlight	Dump Xcode Logs	2026-09-27T18:09:13.7723100Z note: Disabling previews because SWIFT_VERSION is set and SWIFT_OPTIMIZATION_LEVEL=-O, expected -Onone (in target 'React-jsi' from project 'Pods')
Build iOS and Submit to TestFlight	Dump Xcode Logs	2026-09-27T18:09:13.7725240Z note: Disabling previews because SWIFT_VERSION is set and SWIFT_OPTIMIZATION_LEVEL=-O, expected -Onone (in target 'React-jsinspector' from project 'Pods')
Build iOS and Submit to TestFlight	Dump Xcode Logs	2026-09-27T18:09:13.7726340Z note: Disabling previews because SWIFT_VERSION is set and SWIFT_OPTIMIZATION_LEVEL=-O, expected -Onone (in target 'React-oscompat' from project 'Pods')
Build iOS and Submit to TestFlight	Dump Xcode Logs	2026-09-27T18:09:13.7727380Z note: Disabling previews because SWIFT_VERSION is set and SWIFT_OPTIMIZATION_LEVEL=-O, expected -Onone (in target 'React-RCTAnimation' from project 'Pods')
Build iOS and Submit to TestFlight	Dump Xcode Logs	2026-09-27T18:09:13.7729510Z note: Disabling previews because SWIFT_VERSION is set and SWIFT_OPTIMIZATION_LEVEL=-O, expected -Onone (in target 'React-RuntimeApple' from project 'Pods')
Build iOS and Submit to TestFlight	Dump Xcode Logs	2026-09-27T18:09:13.7731310Z note: Disabling previews because SWIFT_VERSION is set and SWIFT_OPTIMIZATION_LEVEL=-O, expected -Onone (in target 'React-FabricComponents' from project 'Pods')
Build iOS and Submit to TestFlight	Dump Xcode Logs	2026-09-27T18:09:13.7732350Z note: Disabling previews because SWIFT_VERSION is set and SWIFT_OPTIMIZATION_LEVEL=-O, expected -Onone (in target 'React-RCTBlob' from project 'Pods')
Build iOS and Submit to TestFlight	Dump Xcode Logs	2026-09-27T18:09:13.7733770Z note: Disabling previews because SWIFT_VERSION is set and SWIFT_OPTIMIZATION_LEVEL=-O, expected -Onone (in target 'React-jsiexecutor' from project 'Pods')
Build iOS and Submit to TestFlight	Dump Xcode Logs	2026-09-27T18:09:13.7735550Z note: Disabling previews because SWIFT_VERSION is set and SWIFT_OPTIMIZATION_LEVEL=-O, expected -Onone (in target 'React-mutationobservernativemodule' from project 'Pods')
Build iOS and Submit to TestFlight	Dump Xcode Logs	2026-09-27T18:09:13.7737120Z note: Disabling previews because SWIFT_VERSION is set and SWIFT_OPTIMIZATION_LEVEL=-O, expected -Onone (in target 'React-jsitooling' from project 'Pods')
Build iOS and Submit to TestFlight	Dump Xcode Logs	2026-09-27T18:09:13.7739280Z note: Disabling previews because SWIFT_VERSION is set and SWIFT_OPTIMIZATION_LEVEL=-O, expected -Onone (in target 'React-featureflagsnativemodule' from project 'Pods')
Build iOS and Submit to TestFlight	Dump Xcode Logs	2026-09-27T18:09:13.7741530Z note: Disabling previews because SWIFT_VERSION is set and SWIFT_OPTIMIZATION_LEVEL=-O, expected -Onone (in target 'React-RCTNetwork' from project 'Pods')
Build iOS and Submit to TestFlight	Dump Xcode Logs	2026-09-27T18:09:13.7742850Z note: Disabling previews because SWIFT_VERSION is set and SWIFT_OPTIMIZATION_LEVEL=-O, expected -Onone (in target 'React-RCTFabric' from project 'Pods')
Build iOS and Submit to TestFlight	Dump Xcode Logs	2026-09-27T18:09:13.7744470Z note: Disabling previews because SWIFT_VERSION is set and SWIFT_OPTIMIZATION_LEVEL=-O, expected -Onone (in target 'React-renderercss' from project 'Pods')
Build iOS and Submit to TestFlight	Dump Xcode Logs	2026-09-27T18:09:13.7745810Z note: Disabling previews because SWIFT_VERSION is set and SWIFT_OPTIMIZATION_LEVEL=-O, expected -Onone (in target 'RCTSwiftUIWrapper' from project 'Pods')
Build iOS and Submit to TestFlight	Dump Xcode Logs	2026-09-27T18:09:13.7746920Z note: Disabling previews because SWIFT_VERSION is set and SWIFT_OPTIMIZATION_LEVEL=-O, expected -Onone (in target 'React-microtasksnativemodule' from project 'Pods')
Build iOS and Submit to TestFlight	Dump Xcode Logs	2026-09-27T18:09:13.7748060Z note: Disabling previews because SWIFT_VERSION is set and SWIFT_OPTIMIZATION_LEVEL=-O, expected -Onone (in target 'React-timing' from project 'Pods')
Build iOS and Submit to TestFlight	Dump Xcode Logs	2026-09-27T18:09:13.7749150Z note: Disabling previews because SWIFT_VERSION is set and SWIFT_OPTIMIZATION_LEVEL=-O, expected -Onone (in target 'RCTDeprecation' from project 'Pods')
Build iOS and Submit to TestFlight	Dump Xcode Logs	2026-09-27T18:09:13.7750260Z note: Disabling previews because SWIFT_VERSION is set and SWIFT_OPTIMIZATION_LEVEL=-O, expected -Onone (in target 'React-CoreModules' from project 'Pods')
Build iOS and Submit to TestFlight	Dump Xcode Logs	2026-09-27T18:09:13.7751490Z note: Disabling previews because SWIFT_VERSION is set and SWIFT_OPTIMIZATION_LEVEL=-O, expected -Onone (in target 'React-performancecdpmetrics' from project 'Pods')
Build iOS and Submit to TestFlight	Dump Xcode Logs	2026-09-27T18:09:13.7752680Z note: Disabling previews because SWIFT_VERSION is set and SWIFT_OPTIMIZATION_LEVEL=-O, expected -Onone (in target 'React-networking' from project 'Pods')
Build iOS and Submit to TestFlight	Dump Xcode Logs	2026-09-27T18:09:13.7753870Z note: Disabling previews because SWIFT_VERSION is set and SWIFT_OPTIMIZATION_LEVEL=-O, expected -Onone (in target 'React-webperformancenativemodule' from project 'Pods')
Build iOS and Submit to TestFlight	Dump Xcode Logs	2026-09-27T18:09:13.7755110Z note: Disabling previews because SWIFT_VERSION is set and SWIFT_OPTIMIZATION_LEVEL=-O, expected -Onone (in target 'React-RuntimeCore' from project 'Pods')
Build iOS and Submit to TestFlight	Dump Xcode Logs	2026-09-27T18:09:13.7756150Z note: Disabling previews because SWIFT_VERSION is set and SWIFT_OPTIMIZATION_LEVEL=-O, expected -Onone (in target 'React-RCTActionSheet' from project 'Pods')
Build iOS and Submit to TestFlight	Dump Xcode Logs	2026-09-27T18:09:13.7757310Z note: Disabling previews because SWIFT_VERSION is set and SWIFT_OPTIMIZATION_LEVEL=-O, expected -Onone (in target 'React-callinvoker' from project 'Pods')
Build iOS and Submit to TestFlight	Dump Xcode Logs	2026-09-27T18:09:13.7758490Z note: Disabling previews because SWIFT_VERSION is set and SWIFT_OPTIMIZATION_LEVEL=-O, expected -Onone (in target 'React-jsinspectorcdp' from project 'Pods')
Build iOS and Submit to TestFlight	Dump Xcode Logs	2026-09-27T18:09:13.7759560Z note: Disabling previews because SWIFT_VERSION is set and SWIFT_OPTIMIZATION_LEVEL=-O, expected -Onone (in target 'React-Fabric' from project 'Pods')
Build iOS and Submit to TestFlight	Dump Xcode Logs	2026-09-27T18:09:13.7760860Z note: Disabling previews because SWIFT_VERSION is set and SWIFT_OPTIMIZATION_LEVEL=-O, expected -Onone (in target 'React-viewtransitionnativemodule' from project 'Pods')
Build iOS and Submit to TestFlight	Dump Xcode Logs	2026-09-27T18:09:13.7762180Z note: Disabling previews because SWIFT_VERSION is set and SWIFT_OPTIMIZATION_LEVEL=-O, expected -Onone (in target 'React-intersectionobservernativemodule' from project 'Pods')
Build iOS and Submit to TestFlight	Dump Xcode Logs	2026-09-27T18:09:13.7763320Z note: Disabling previews because SWIFT_VERSION is set and SWIFT_OPTIMIZATION_LEVEL=-O, expected -Onone (in target 'React-rendererconsistency' from project 'Pods')
Build iOS and Submit to TestFlight	Dump Xcode Logs	2026-09-27T18:09:13.7764470Z note: Disabling previews because SWIFT_VERSION is set and SWIFT_OPTIMIZATION_LEVEL=-O, expected -Onone (in target 'React-runtimeexecutor' from project 'Pods')
Build iOS and Submit to TestFlight	Dump Xcode Logs	2026-09-27T18:09:13.7766420Z note: Disabling previews because SWIFT_VERSION is set and SWIFT_OPTIMIZATION_LEVEL=-O, expected -Onone (in target 'React-Mapbuffer' from project 'Pods')
Build iOS and Submit to TestFlight	Dump Xcode Logs	2026-09-27T18:09:13.7767710Z note: Disabling previews because SWIFT_VERSION is set and SWIFT_OPTIMIZATION_LEVEL=-O, expected -Onone (in target 'React-RCTRuntime' from project 'Pods')
Build iOS and Submit to TestFlight	Dump Xcode Logs	2026-09-27T18:09:13.7770040Z note: Disabling previews because SWIFT_VERSION is set and SWIFT_OPTIMIZATION_LEVEL=-O, expected -Onone (in target 'React-debug' from project 'Pods')
Build iOS and Submit to TestFlight	Dump Xcode Logs	2026-09-27T18:09:13.7771100Z note: Disabling previews because SWIFT_VERSION is set and SWIFT_OPTIMIZATION_LEVEL=-O, expected -Onone (in target 'Yoga' from project 'Pods')
Build iOS and Submit to TestFlight	Dump Xcode Logs	2026-09-27T18:09:13.7772390Z note: Disabling previews because SWIFT_VERSION is set and SWIFT_OPTIMIZATION_LEVEL=-O, expected -Onone (in target 'React-RCTAppDelegate' from project 'Pods')
Build iOS and Submit to TestFlight	Dump Xcode Logs	2026-09-27T18:09:13.7773560Z note: Disabling previews because SWIFT_VERSION is set and SWIFT_OPTIMIZATION_LEVEL=-O, expected -Onone (in target 'React-rendererdebug' from project 'Pods')
Build iOS and Submit to TestFlight	Dump Xcode Logs	2026-09-27T18:09:13.7774770Z note: Disabling previews because SWIFT_VERSION is set and SWIFT_OPTIMIZATION_LEVEL=-O, expected -Onone (in target 'FBLazyVector' from project 'Pods')
Build iOS and Submit to TestFlight	Dump Xcode Logs	2026-09-27T18:09:13.7776550Z note: Disabling previews because SWIFT_VERSION is set and SWIFT_OPTIMIZATION_LEVEL=-O, expected -Onone (in target 'React-jsinspectortracing' from project 'Pods')
Build iOS and Submit to TestFlight	Dump Xcode Logs	2026-09-27T18:09:13.7777740Z note: Disabling previews because SWIFT_VERSION is set and SWIFT_OPTIMIZATION_LEVEL=-O, expected -Onone (in target 'React-graphics' from project 'Pods')
Build iOS and Submit to TestFlight	Dump Xcode Logs	2026-09-27T18:09:13.7779080Z note: Disabling previews because SWIFT_VERSION is set and SWIFT_OPTIMIZATION_LEVEL=-O, expected -Onone (in target 'RCTSwiftUI' from project 'Pods')
Build iOS and Submit to TestFlight	Dump Xcode Logs	2026-09-27T18:09:13.7781150Z note: Disabling previews because SWIFT_VERSION is set and SWIFT_OPTIMIZATION_LEVEL=-O, expected -Onone (in target 'React-performancetimeline' from project 'Pods')
Build iOS and Submit to TestFlight	Dump Xcode Logs	2026-09-27T18:09:13.7782470Z note: Disabling previews because SWIFT_VERSION is set and SWIFT_OPTIMIZATION_LEVEL=-O, expected -Onone (in target 'React-Core' from project 'Pods')
Build iOS and Submit to TestFlight	Dump Xcode Logs	2026-09-27T18:09:13.7783660Z note: Disabling previews because SWIFT_VERSION is set and SWIFT_OPTIMIZATION_LEVEL=-O, expected -Onone (in target 'React-runtimescheduler' from project 'Pods')
Build iOS and Submit to TestFlight	Dump Xcode Logs	2026-09-27T18:09:13.7785260Z note: Disabling previews because SWIFT_VERSION is set and SWIFT_OPTIMIZATION_LEVEL=-O, expected -Onone (in target 'React-ImageManager' from project 'Pods')
Build iOS and Submit to TestFlight	Dump Xcode Logs	2026-09-27T18:09:13.7786490Z note: Disabling previews because SWIFT_VERSION is set and SWIFT_OPTIMIZATION_LEVEL=-O, expected -Onone (in target 'React-RCTVibration' from project 'Pods')
Build iOS and Submit to TestFlight	Dump Xcode Logs	2026-09-27T18:09:13.7787740Z note: Disabling previews because SWIFT_VERSION is set and SWIFT_OPTIMIZATION_LEVEL=-O, expected -Onone (in target 'React-defaultsnativemodule' from project 'Pods')
Build iOS and Submit to TestFlight	Dump Xcode Logs	2026-09-27T18:09:13.7789050Z note: Disabling previews because SWIFT_VERSION is set and SWIFT_OPTIMIZATION_LEVEL=-O, expected -Onone (in target 'React-domnativemodule' from project 'Pods')
Build iOS and Submit to TestFlight	Dump Xcode Logs	2026-09-27T18:09:13.7790200Z note: Disabling previews because SWIFT_VERSION is set and SWIFT_OPTIMIZATION_LEVEL=-O, expected -Onone (in target 'React-hermes' from project 'Pods')
Build iOS and Submit to TestFlight	Dump Xcode Logs	2026-09-27T18:09:13.7791360Z note: Disabling previews because SWIFT_VERSION is set and SWIFT_OPTIMIZATION_LEVEL=-O, expected -Onone (in target 'React-utils' from project 'Pods')
Build iOS and Submit to TestFlight	Dump Xcode Logs	2026-09-27T18:09:13.7793020Z note: Disabling previews because SWIFT_VERSION is set and SWIFT_OPTIMIZATION_LEVEL=-O, expected -Onone (in target 'React-idlecallbacksnativemodule' from project 'Pods')
Build iOS and Submit to TestFlight	Dump Xcode Logs	2026-09-27T18:09:13.7794290Z note: Disabling previews because SWIFT_VERSION is set and SWIFT_OPTIMIZATION_LEVEL=-O, expected -Onone (in target 'React-cxxreact' from project 'Pods')
Build iOS and Submit to TestFlight	Dump Xcode Logs	2026-09-27T18:09:13.7795460Z note: Disabling previews because SWIFT_VERSION is set and SWIFT_OPTIMIZATION_LEVEL=-O, expected -Onone (in target 'React-perflogger' from project 'Pods')
Build iOS and Submit to TestFlight	Dump Xcode Logs	2026-09-27T18:09:13.7796520Z note: Disabling previews because SWIFT_VERSION is set and SWIFT_OPTIMIZATION_LEVEL=-O, expected -Onone (in target 'React-FabricImage' from project 'Pods')
Build iOS and Submit to TestFlight	Dump Xcode Logs	2026-09-27T18:09:13.7797650Z note: Disabling previews because SWIFT_VERSION is set and SWIFT_OPTIMIZATION_LEVEL=-O, expected -Onone (in target 'RCTTypeSafety' from project 'Pods')
Build iOS and Submit to TestFlight	Dump Xcode Logs	2026-09-27T18:09:13.7799100Z note: Disabling previews because SWIFT_VERSION is set and SWIFT_OPTIMIZATION_LEVEL=-O, expected -Onone (in target 'React-logger' from project 'Pods')
Build iOS and Submit to TestFlight	Dump Xcode Logs	2026-09-27T18:09:13.7800590Z note: Disabling previews because SWIFT_VERSION is set and SWIFT_OPTIMIZATION_LEVEL=-O, expected -Onone (in target 'React-RCTSettings' from project 'Pods')
Build iOS and Submit to TestFlight	Dump Xcode Logs	2026-09-27T18:09:13.7801790Z note: Disabling previews because SWIFT_VERSION is set and SWIFT_OPTIMIZATION_LEVEL=-O, expected -Onone (in target 'React' from project 'Pods')
Build iOS and Submit to TestFlight	Dump Xcode Logs	2026-09-27T18:09:13.7802790Z note: Disabling previews because SWIFT_VERSION is set and SWIFT_OPTIMIZATION_LEVEL=-O, expected -Onone (in target 'React-jsitracing' from project 'Pods')
Build iOS and Submit to TestFlight	Dump Xcode Logs	2026-09-27T18:09:13.7804100Z note: Disabling previews because SWIFT_VERSION is set and SWIFT_OPTIMIZATION_LEVEL=-O, expected -Onone (in target 'React-NativeModulesApple' from project 'Pods')
Build iOS and Submit to TestFlight	Dump Xcode Logs	2026-09-27T18:09:13.7805650Z note: Disabling previews because SWIFT_VERSION is set and SWIFT_OPTIMIZATION_LEVEL=-O, expected -Onone (in target 'React-jserrorhandler' from project 'Pods')
Build iOS and Submit to TestFlight	Dump Xcode Logs	2026-09-27T18:09:13.7806810Z note: Disabling previews because SWIFT_VERSION is set and SWIFT_OPTIMIZATION_LEVEL=-O, expected -Onone (in target 'React-RCTText' from project 'Pods')
Build iOS and Submit to TestFlight	Dump Xcode Logs	2026-09-27T18:09:13.7807890Z note: Disabling previews because SWIFT_VERSION is set and SWIFT_OPTIMIZATION_LEVEL=-O, expected -Onone (in target 'React-RCTLinking' from project 'Pods')
Build iOS and Submit to TestFlight	Dump Xcode Logs	2026-09-27T18:09:13.7809410Z note: Disabling previews because SWIFT_VERSION is set and SWIFT_OPTIMIZATION_LEVEL=-O, expected -Onone (in target 'ReactCommon' from project 'Pods')
Build iOS and Submit to TestFlight	Dump Xcode Logs	2026-09-27T18:09:13.7810520Z note: Disabling previews because SWIFT_VERSION is set and SWIFT_OPTIMIZATION_LEVEL=-O, expected -Onone (in target 'React-featureflags' from project 'Pods')
Build iOS and Submit to TestFlight	Dump Xcode Logs	2026-09-27T18:09:13.7811790Z note: Disabling previews because SWIFT_VERSION is set and SWIFT_OPTIMIZATION_LEVEL=-O, expected -Onone (in target 'React-RuntimeHermes' from project 'Pods')
Build iOS and Submit to TestFlight	Dump Xcode Logs	2026-09-27T18:09:13.7812820Z note: Disabling previews because SWIFT_VERSION is set and SWIFT_OPTIMIZATION_LEVEL=-O, expected -Onone (in target 'hermes-engine' from project 'Pods')
Build iOS and Submit to TestFlight	Dump Xcode Logs	2026-09-27T18:09:13.7815230Z warning: Run script build phase '[CP-User] [Hermes] Replace Hermes for the right configuration, if needed' will be run during every build because it does not specify any outputs. To address this issue, either add output dependencies to the script phase, or configure it to run in every build by unchecking "Based on dependency analysis" in the script phase. (in target 'hermes-engine' from project 'Pods')
Build iOS and Submit to TestFlight	Dump Xcode Logs	2026-09-27T18:09:13.7817290Z note: Disabling previews because SWIFT_VERSION is set and SWIFT_OPTIMIZATION_LEVEL=-O, expected -Onone (in target 'ReactNativeDependencies' from project 'Pods')
Build iOS and Submit to TestFlight	Dump Xcode Logs	2026-09-27T18:09:13.7819150Z note: Run script build phase '[CP-User] [RNDeps] Replace React Native Dependencies for the right configuration, if needed' will be run during every build because the option to run the script phase "Based on dependency analysis" is unchecked. (in target 'ReactNativeDependencies' from project 'Pods')
Build iOS and Submit to TestFlight	Dump Xcode Logs	2026-09-27T18:09:13.7820890Z note: Disabling previews because SWIFT_VERSION is set and SWIFT_OPTIMIZATION_LEVEL=-O, expected -Onone (in target 'React-RCTFBReactNativeSpec' from project 'Pods')
Build iOS and Submit to TestFlight	Dump Xcode Logs	2026-09-27T18:09:13.7822470Z note: Run script build phase '[CP-User] [RN]Check FBReactNativeSpec' will be run during every build because the option to run the script phase "Based on dependency analysis" is unchecked. (in target 'React-RCTFBReactNativeSpec' from project 'Pods')
Build iOS and Submit to TestFlight	Dump Xcode Logs	2026-09-27T18:09:13.7823910Z note: Disabling previews because SWIFT_VERSION is set and SWIFT_OPTIMIZATION_LEVEL=-O, expected -Onone (in target 'React-Core-prebuilt' from project 'Pods')
Build iOS and Submit to TestFlight	Dump Xcode Logs	2026-09-27T18:09:13.7825500Z note: Run script build phase '[CP-User] [RNCore] Replace React Native Core for the right configuration, if needed' will be run during every build because the option to run the script phase "Based on dependency analysis" is unchecked. (in target 'React-Core-prebuilt' from project 'Pods')
Build iOS and Submit to TestFlight	Dump Xcode Logs	2026-09-27T18:09:13.7827800Z note: Disabling previews because SWIFT_VERSION is set and SWIFT_OPTIMIZATION_LEVEL=-O, expected -Onone (in target 'ExpoModulesWorklets' from project 'Pods')
Build iOS and Submit to TestFlight	Dump Xcode Logs	2026-09-27T18:09:13.7829390Z note: Run script build phase '[CP-User] [Expo] Switch ExpoModulesWorklets XCFramework for build configuration' will be run during every build because the option to run the script phase "Based on dependency analysis" is unchecked. (in target 'ExpoModulesWorklets' from project 'Pods')
Build iOS and Submit to TestFlight	Dump Xcode Logs	2026-09-27T18:09:13.7831200Z note: Disabling previews because SWIFT_VERSION is set and SWIFT_OPTIMIZATION_LEVEL=-O, expected -Onone (in target 'ExpoModulesJSI' from project 'Pods')
Build iOS and Submit to TestFlight	Dump Xcode Logs	2026-09-27T18:09:13.7832620Z note: Run script build phase '[CP-User] Build ExpoModulesJSI xcframework' will be run during every build because the option to run the script phase "Based on dependency analysis" is unchecked. (in target 'ExpoModulesJSI' from project 'Pods')
Build iOS and Submit to TestFlight	Dump Xcode Logs	2026-09-27T18:09:13.7833910Z note: Disabling previews because SWIFT_VERSION is set and SWIFT_OPTIMIZATION_LEVEL=-O, expected -Onone (in target 'ExpoModulesCore' from project 'Pods')
Build iOS and Submit to TestFlight	Dump Xcode Logs	2026-09-27T18:09:13.7835930Z note: Run script build phase '[CP-User] [Expo] Switch ExpoModulesCore XCFramework for build configuration' will be run during every build because the option to run the script phase "Based on dependency analysis" is unchecked. (in target 'ExpoModulesCore' from project 'Pods')
Build iOS and Submit to TestFlight	Dump Xcode Logs	2026-09-27T18:09:13.7837290Z note: Disabling previews because SWIFT_VERSION is set and SWIFT_OPTIMIZATION_LEVEL=-O, expected -Onone (in target 'ExpoFont' from project 'Pods')
Build iOS and Submit to TestFlight	Dump Xcode Logs	2026-09-27T18:09:13.7838750Z note: Run script build phase '[CP-User] [Expo] Switch ExpoFont XCFramework for build configuration' will be run during every build because the option to run the script phase "Based on dependency analysis" is unchecked. (in target 'ExpoFont' from project 'Pods')
Build iOS and Submit to TestFlight	Dump Xcode Logs	2026-09-27T18:09:13.7840260Z note: Disabling previews because SWIFT_VERSION is set and SWIFT_OPTIMIZATION_LEVEL=-O, expected -Onone (in target 'ExpoFileSystem' from project 'Pods')
Build iOS and Submit to TestFlight	Dump Xcode Logs	2026-09-27T18:09:13.7841870Z note: Run script build phase '[CP-User] [Expo] Switch ExpoFileSystem XCFramework for build configuration' will be run during every build because the option to run the script phase "Based on dependency analysis" is unchecked. (in target 'ExpoFileSystem' from project 'Pods')
Build iOS and Submit to TestFlight	Dump Xcode Logs	2026-09-27T18:09:13.7843350Z note: Disabling previews because SWIFT_VERSION is set and SWIFT_OPTIMIZATION_LEVEL=-O, expected -Onone (in target 'Pods-NGNflow' from project 'Pods')
Build iOS and Submit to TestFlight	Dump Xcode Logs	2026-09-27T18:09:13.7844990Z note: Disabling previews because SWIFT_VERSION is set and SWIFT_OPTIMIZATION_LEVEL=-O, expected -Onone (in target 'NGNflow' from project 'NGNflow')
Build iOS and Submit to TestFlight	Dump Xcode Logs	2026-09-27T18:09:13.7846300Z note: Run script build phase '[Expo] Configure project' will be run during every build because the option to run the script phase "Based on dependency analysis" is unchecked. (in target 'NGNflow' from project 'NGNflow')
Build iOS and Submit to TestFlight	Dump Xcode Logs	2026-09-27T18:09:13.7847810Z note: Run script build phase 'Bundle React Native code and images' will be run during every build because the option to run the script phase "Based on dependency analysis" is unchecked. (in target 'NGNflow' from project 'NGNflow')
Build iOS and Submit to TestFlight	Dump Xcode Logs	2026-09-27T18:09:13.7849260Z note: Disabling previews because SWIFT_VERSION is set and SWIFT_OPTIMIZATION_LEVEL=-O, expected -Onone (in target 'react-native-safe-area-context' from project 'Pods')
Build iOS and Submit to TestFlight	Dump Xcode Logs	2026-09-27T18:09:13.7850310Z note: Disabling previews because SWIFT_VERSION is set and SWIFT_OPTIMIZATION_LEVEL=-O, expected -Onone (in target 'ReactCodegen' from project 'Pods')
Build iOS and Submit to TestFlight	Dump Xcode Logs	2026-09-27T18:09:13.7851380Z note: Disabling previews because SWIFT_VERSION is set and SWIFT_OPTIMIZATION_LEVEL=-O, expected -Onone (in target 'ReactAppDependencyProvider' from project 'Pods')
Build iOS and Submit to TestFlight	Dump Xcode Logs	2026-09-27T18:09:13.7852510Z note: Disabling previews because SWIFT_VERSION is set and SWIFT_OPTIMIZATION_LEVEL=-O, expected -Onone (in target 'React-timing-React-timing_privacy' from project 'Pods')
Build iOS and Submit to TestFlight	Dump Xcode Logs	2026-09-27T18:09:13.7853990Z note: Disabling previews because SWIFT_VERSION is set and SWIFT_OPTIMIZATION_LEVEL=-O, expected -Onone (in target 'React-cxxreact-React-cxxreact_privacy' from project 'Pods')
Build iOS and Submit to TestFlight	Dump Xcode Logs	2026-09-27T18:09:13.7856000Z note: Disabling previews because SWIFT_VERSION is set and SWIFT_OPTIMIZATION_LEVEL=-O, expected -Onone (in target 'React-Core-React-Core_privacy' from project 'Pods')
Build iOS and Submit to TestFlight	Dump Xcode Logs	2026-09-27T18:09:13.7857220Z note: Disabling previews because SWIFT_VERSION is set and SWIFT_OPTIMIZATION_LEVEL=-O, expected -Onone (in target 'RNWorklets' from project 'Pods')
Build iOS and Submit to TestFlight	Dump Xcode Logs	2026-09-27T18:09:13.7858310Z note: Disabling previews because SWIFT_VERSION is set and SWIFT_OPTIMIZATION_LEVEL=-O, expected -Onone (in target 'RNScreens' from project 'Pods')
Build iOS and Submit to TestFlight	Dump Xcode Logs	2026-09-27T18:09:13.7859380Z note: Disabling previews because SWIFT_VERSION is set and SWIFT_OPTIMIZATION_LEVEL=-O, expected -Onone (in target 'RNSVG-RNSVGFilters' from project 'Pods')
Build iOS and Submit to TestFlight	Dump Xcode Logs	2026-09-27T18:09:13.7860470Z note: Disabling previews because SWIFT_VERSION is set and SWIFT_OPTIMIZATION_LEVEL=-O, expected -Onone (in target 'RNSVG' from project 'Pods')
Build iOS and Submit to TestFlight	Dump Xcode Logs	2026-09-27T18:09:13.7861610Z note: Disabling previews because SWIFT_VERSION is set and SWIFT_OPTIMIZATION_LEVEL=-O, expected -Onone (in target 'RNReanimated' from project 'Pods')
Build iOS and Submit to TestFlight	Dump Xcode Logs	2026-09-27T18:09:13.7862790Z note: Disabling previews because SWIFT_VERSION is set and SWIFT_OPTIMIZATION_LEVEL=-O, expected -Onone (in target 'RNCAsyncStorage-RNCAsyncStorage_resources' from project 'Pods')
Build iOS and Submit to TestFlight	Dump Xcode Logs	2026-09-27T18:09:13.7864030Z note: Disabling previews because SWIFT_VERSION is set and SWIFT_OPTIMIZATION_LEVEL=-O, expected -Onone (in target 'RNCAsyncStorage' from project 'Pods')
Build iOS and Submit to TestFlight	Dump Xcode Logs	2026-09-27T18:09:13.7865110Z note: Disabling previews because SWIFT_VERSION is set and SWIFT_OPTIMIZATION_LEVEL=-O, expected -Onone (in target 'ExpoSecureStore' from project 'Pods')
Build iOS and Submit to TestFlight	Dump Xcode Logs	2026-09-27T18:09:13.7866280Z note: Disabling previews because SWIFT_VERSION is set and SWIFT_OPTIMIZATION_LEVEL=-O, expected -Onone (in target 'ExpoNotifications-ExpoNotifications_privacy' from project 'Pods')
Build iOS and Submit to TestFlight	Dump Xcode Logs	2026-09-27T18:09:13.7868160Z note: Disabling previews because SWIFT_VERSION is set and SWIFT_OPTIMIZATION_LEVEL=-O, expected -Onone (in target 'ExpoNotifications' from project 'Pods')
Build iOS and Submit to TestFlight	Dump Xcode Logs	2026-09-27T18:09:13.7869260Z note: Disabling previews because SWIFT_VERSION is set and SWIFT_OPTIMIZATION_LEVEL=-O, expected -Onone (in target 'ExpoModulesWorkletsAdapter' from project 'Pods')
Build iOS and Submit to TestFlight	Dump Xcode Logs	2026-09-27T18:09:13.7870310Z note: Disabling previews because SWIFT_VERSION is set and SWIFT_OPTIMIZATION_LEVEL=-O, expected -Onone (in target 'ExpoLogBox' from project 'Pods')
Build iOS and Submit to TestFlight	Dump Xcode Logs	2026-09-27T18:09:13.7871320Z note: Disabling previews because SWIFT_VERSION is set and SWIFT_OPTIMIZATION_LEVEL=-O, expected -Onone (in target 'ExpoKeepAwake' from project 'Pods')
Build iOS and Submit to TestFlight	Dump Xcode Logs	2026-09-27T18:09:13.7872530Z note: Disabling previews because SWIFT_VERSION is set and SWIFT_OPTIMIZATION_LEVEL=-O, expected -Onone (in target 'ExpoFileSystem-ExpoFileSystem_privacy' from project 'Pods')
Build iOS and Submit to TestFlight	Dump Xcode Logs	2026-09-27T18:09:13.7873610Z note: Disabling previews because SWIFT_VERSION is set and SWIFT_OPTIMIZATION_LEVEL=-O, expected -Onone (in target 'ExpoDomWebView' from project 'Pods')
Build iOS and Submit to TestFlight	Dump Xcode Logs	2026-09-27T18:09:13.7874710Z note: Disabling previews because SWIFT_VERSION is set and SWIFT_OPTIMIZATION_LEVEL=-O, expected -Onone (in target 'ExpoDevice-ExpoDevice_privacy' from project 'Pods')
Build iOS and Submit to TestFlight	Dump Xcode Logs	2026-09-27T18:09:13.7875760Z note: Disabling previews because SWIFT_VERSION is set and SWIFT_OPTIMIZATION_LEVEL=-O, expected -Onone (in target 'ExpoDevice' from project 'Pods')
Build iOS and Submit to TestFlight	Dump Xcode Logs	2026-09-27T18:09:13.7876780Z note: Disabling previews because SWIFT_VERSION is set and SWIFT_OPTIMIZATION_LEVEL=-O, expected -Onone (in target 'ExpoClipboard' from project 'Pods')
Build iOS and Submit to TestFlight	Dump Xcode Logs	2026-09-27T18:09:13.7878280Z note: Disabling previews because SWIFT_VERSION is set and SWIFT_OPTIMIZATION_LEVEL=-O, expected -Onone (in target 'ExpoAsset' from project 'Pods')
Build iOS and Submit to TestFlight	Dump Xcode Logs	2026-09-27T18:09:13.7879260Z note: Disabling previews because SWIFT_VERSION is set and SWIFT_OPTIMIZATION_LEVEL=-O, expected -Onone (in target 'Expo' from project 'Pods')
Build iOS and Submit to TestFlight	Dump Xcode Logs	2026-09-27T18:09:13.7880810Z note: Disabling previews because SWIFT_VERSION is set and SWIFT_OPTIMIZATION_LEVEL=-O, expected -Onone (in target 'EXConstants-ExpoConstants_privacy' from project 'Pods')
Build iOS and Submit to TestFlight	Dump Xcode Logs	2026-09-27T18:09:13.7882020Z note: Disabling previews because SWIFT_VERSION is set and SWIFT_OPTIMIZATION_LEVEL=-O, expected -Onone (in target 'EXConstants-EXConstants' from project 'Pods')
Build iOS and Submit to TestFlight	Dump Xcode Logs	2026-09-27T18:09:13.7883390Z note: Disabling previews because SWIFT_VERSION is set and SWIFT_OPTIMIZATION_LEVEL=-O, expected -Onone (in target 'EXConstants' from project 'Pods')
Build iOS and Submit to TestFlight	Dump Xcode Logs	2026-09-27T18:09:13.7885130Z note: Run script build phase '[CP-User] Generate app.config for prebuilt Constants.manifest' will be run during every build because the option to run the script phase "Based on dependency analysis" is unchecked. (in target 'EXConstants' from project 'Pods')
Build iOS and Submit to TestFlight	Dump Xcode Logs	2026-09-27T18:09:13.7886550Z note: Disabling previews because SWIFT_VERSION is set and SWIFT_OPTIMIZATION_LEVEL=-O, expected -Onone (in target 'EXApplication-ExpoApplication_privacy' from project 'Pods')
Build iOS and Submit to TestFlight	Dump Xcode Logs	2026-09-27T18:09:13.7887650Z note: Disabling previews because SWIFT_VERSION is set and SWIFT_OPTIMIZATION_LEVEL=-O, expected -Onone (in target 'EXApplication' from project 'Pods')
Build iOS and Submit to TestFlight	Dump Xcode Logs	2026-09-27T18:09:13.7888320Z 
Build iOS and Submit to TestFlight	Dump Xcode Logs	2026-09-27T18:09:13.7888510Z Result bundle written to path:
Build iOS and Submit to TestFlight	Dump Xcode Logs	2026-09-27T18:09:13.7888920Z 	/var/folders/nj/vtw8zd2j31d1gdrtntc5y4600000gn/T/result-bundle-1790532493261.xcresult
Build iOS and Submit to TestFlight	Dump Xcode Logs	2026-09-27T18:09:13.7889750Z 
Build iOS and Submit to TestFlight	Dump Xcode Logs	2026-09-27T18:09:13.7889750Z 
Build iOS and Submit to TestFlight	Dump Xcode Logs	2026-09-27T18:09:13.8434580Z 2026-09-27T18:09:13.7518640Z     export SYSTEM_DEVELOPER_TOOLS\=/Applications/Xcode_16.4.app/Contents/Developer/Tools
Build iOS and Submit to TestFlight	Dump Xcode Logs	2026-09-27T18:09:13.8435580Z 2026-09-27T18:09:13.7523250Z     export SYSTEM_DEVELOPER_TOOLS_DOC_DIR\=/Applications/Xcode_16.4.app/Contents/Developer/ADC\ Reference\ Library/documentation/DeveloperTools
Build iOS and Submit to TestFlight	Dump Xcode Logs	2026-09-27T18:09:13.8436770Z 2026-09-27T18:09:13.7526020Z     export SYSTEM_DEVELOPER_TOOLS_RELEASENOTES_DIR\=/Applications/Xcode_16.4.app/Contents/Developer/ADC\ Reference\ Library/releasenotes/DeveloperTools
Build iOS and Submit to TestFlight	Dump Xcode Logs	2026-09-27T18:09:13.8437750Z 2026-09-27T18:09:13.7530160Z     export SYSTEM_DEVELOPER_USR_DIR\=/Applications/Xcode_16.4.app/Contents/Developer/usr
Build iOS and Submit to TestFlight	Dump Xcode Logs	2026-09-27T18:09:13.8438630Z 2026-09-27T18:09:13.7539120Z     export SYSTEM_DEVELOPER_UTILITIES_DIR\=/Applications/Xcode_16.4.app/Contents/Developer/Applications/Utilities
Build iOS and Submit to TestFlight	Dump Xcode Logs	2026-09-27T18:09:13.8439390Z 2026-09-27T18:09:13.7541180Z     export SYSTEM_DEXT_INSTALL_PATH\=/System/Library/DriverExtensions
Build iOS and Submit to TestFlight	Dump Xcode Logs	2026-09-27T18:09:13.8439990Z 2026-09-27T18:09:13.7543350Z     export SYSTEM_DOCUMENTATION_DIR\=/Library/Documentation
Build iOS and Submit to TestFlight	Dump Xcode Logs	2026-09-27T18:09:13.8440570Z 2026-09-27T18:09:13.7544010Z     export SYSTEM_KEXT_INSTALL_PATH\=/System/Library/Extensions
Build iOS and Submit to TestFlight	Dump Xcode Logs	2026-09-27T18:09:13.8441100Z 2026-09-27T18:09:13.7544640Z     export SYSTEM_LIBRARY_DIR\=/System/Library
Build iOS and Submit to TestFlight	Dump Xcode Logs	2026-09-27T18:09:13.8441540Z 2026-09-27T18:09:13.7545080Z     export TAPI_DEMANGLE\=YES
Build iOS and Submit to TestFlight	Dump Xcode Logs	2026-09-27T18:09:13.8441970Z 2026-09-27T18:09:13.7545670Z     export TAPI_ENABLE_PROJECT_HEADERS\=NO
Build iOS and Submit to TestFlight	Dump Xcode Logs	2026-09-27T18:09:13.8442420Z 2026-09-27T18:09:13.7546360Z     export TAPI_LANGUAGE\=objective-c
Build iOS and Submit to TestFlight	Dump Xcode Logs	2026-09-27T18:09:13.8442920Z 2026-09-27T18:09:13.7547200Z     export TAPI_LANGUAGE_STANDARD\=compiler-default
Build iOS and Submit to TestFlight	Dump Xcode Logs	2026-09-27T18:09:13.8443870Z 2026-09-27T18:09:13.7547570Z     export TAPI_USE_SRCROOT\=YES
Build iOS and Submit to TestFlight	Dump Xcode Logs	2026-09-27T18:09:13.8444330Z 2026-09-27T18:09:13.7548070Z     export TAPI_VERIFY_MODE\=Pedantic
Build iOS and Submit to TestFlight	Dump Xcode Logs	2026-09-27T18:09:13.8444890Z 2026-09-27T18:09:13.7548680Z     export TARGETED_DEVICE_FAMILY\=1,2
Build iOS and Submit to TestFlight	Dump Xcode Logs	2026-09-27T18:09:13.8445390Z 2026-09-27T18:09:13.7549010Z     export TARGETNAME\=ReactCodegen
Build iOS and Submit to TestFlight	Dump Xcode Logs	2026-09-27T18:09:13.8447230Z 2026-09-27T18:09:13.7582800Z     export TARGET_BUILD_DIR\=/var/folders/nj/vtw8zd2j31d1gdrtntc5y4600000gn/T/eas-build-local-nodejs/26a1e27f-3182-405f-bb2e-a6a63d337c6b/build/ios/build/Build/Intermediates.noindex/ArchiveIntermediates/NGNflow/IntermediateBuildFilesPath/UninstalledProducts/iphoneos
Build iOS and Submit to TestFlight	Dump Xcode Logs	2026-09-27T18:09:13.8448630Z 2026-09-27T18:09:13.7584030Z     export TARGET_NAME\=ReactCodegen
Build iOS and Submit to TestFlight	Dump Xcode Logs	2026-09-27T18:09:13.8450100Z 2026-09-27T18:09:13.7585350Z     export TARGET_TEMP_DIR\=/var/folders/nj/vtw8zd2j31d1gdrtntc5y4600000gn/T/eas-build-local-nodejs/26a1e27f-3182-405f-bb2e-a6a63d337c6b/build/ios/build/Build/Intermediates.noindex/ArchiveIntermediates/NGNflow/IntermediateBuildFilesPath/Pods.build/Release-iphoneos/ReactCodegen.build
Build iOS and Submit to TestFlight	Dump Xcode Logs	2026-09-27T18:09:13.8452280Z 2026-09-27T18:09:13.7587480Z     export TEMP_DIR\=/var/folders/nj/vtw8zd2j31d1gdrtntc5y4600000gn/T/eas-build-local-nodejs/26a1e27f-3182-405f-bb2e-a6a63d337c6b/build/ios/build/Build/Intermediates.noindex/ArchiveIntermediates/NGNflow/IntermediateBuildFilesPath/Pods.build/Release-iphoneos/ReactCodegen.build
Build iOS and Submit to TestFlight	Dump Xcode Logs	2026-09-27T18:09:13.8454650Z 2026-09-27T18:09:13.7589500Z     export TEMP_FILES_DIR\=/var/folders/nj/vtw8zd2j31d1gdrtntc5y4600000gn/T/eas-build-local-nodejs/26a1e27f-3182-405f-bb2e-a6a63d337c6b/build/ios/build/Build/Intermediates.noindex/ArchiveIntermediates/NGNflow/IntermediateBuildFilesPath/Pods.build/Release-iphoneos/ReactCodegen.build
Build iOS and Submit to TestFlight	Dump Xcode Logs	2026-09-27T18:09:13.8456970Z 2026-09-27T18:09:13.7591540Z     export TEMP_FILE_DIR\=/var/folders/nj/vtw8zd2j31d1gdrtntc5y4600000gn/T/eas-build-local-nodejs/26a1e27f-3182-405f-bb2e-a6a63d337c6b/build/ios/build/Build/Intermediates.noindex/ArchiveIntermediates/NGNflow/IntermediateBuildFilesPath/Pods.build/Release-iphoneos/ReactCodegen.build
Build iOS and Submit to TestFlight	Dump Xcode Logs	2026-09-27T18:09:13.8459010Z 2026-09-27T18:09:13.7593410Z     export TEMP_ROOT\=/var/folders/nj/vtw8zd2j31d1gdrtntc5y4600000gn/T/eas-build-local-nodejs/26a1e27f-3182-405f-bb2e-a6a63d337c6b/build/ios/build/Build/Intermediates.noindex/ArchiveIntermediates/NGNflow/IntermediateBuildFiles
